# Ratchet baseline for check-private-src-imports.py (#1681).
# Pre-existing cross-package src/ imports as of 2026-08-13, mostly
# app/features/coins -> feature_coins_core/src (real architecture debt,
# out of this milestone's scope to fix wholesale). Delete an entry when
# its import is fixed to go through the public barrel instead.
# format: path<TAB>line<TAB>owning_package<TAB>imported_package
app/integration_test/finance_chat_ingestion_test.dart	4	app	feature_coins_core
app/integration_test/finance_chat_ingestion_test.dart	5	app	feature_coins_core
app/integration_test/finance_chat_ingestion_test.dart	6	app	feature_coins_core
app/lib/core/ai/ai_provider.dart	4	app	core_ai
app/lib/core/config/platform_features.dart	1	app	core_app_shell
app/lib/core/domain/repository.dart	4	app	core_data
app/lib/core/platform/device_form_factor.dart	1	app	core_app_shell
app/lib/core/providers/app_theme_provider.dart	1	app	core_app_shell
app/lib/core/startup/deferred_startup_task.dart	1	app	core_app_shell
app/lib/core/utils/currency_formatter.dart	1	app	core_app_shell
app/lib/core/utils/locale_settings.dart	1	app	core_app_shell
app/lib/core/utils/result.dart	4	app	core_domain
app/lib/features/bill_split/domain/models/receipt_item.dart	1	app	feature_billsplit_core
app/lib/features/coins/application/services/android_finance_import_service.dart	1	app	feature_coins_core
app/lib/features/coins/application/services/coins_invite_link_service.dart	1	app	feature_coins_core
app/lib/features/coins/application/services/coins_notification_service.dart	1	app	feature_coins_core
app/lib/features/coins/application/services/coins_sync_service.dart	1	app	feature_coins_core
app/lib/features/coins/application/services/finance_chat_ingestion_service.dart	1	app	feature_coins_core
app/lib/features/coins/application/services/transaction_review_service.dart	1	app	feature_coins_core
app/lib/features/coins/application/use_cases/add_expense_use_case.dart	1	app	feature_coins_core
app/lib/features/coins/application/use_cases/add_group_member_use_case.dart	1	app	feature_coins_core
app/lib/features/coins/application/use_cases/add_split_use_case.dart	1	app	feature_coins_core
app/lib/features/coins/application/use_cases/calculate_balances_use_case.dart	1	app	feature_coins_core
app/lib/features/coins/application/use_cases/calculate_safe_to_spend_use_case.dart	1	app	feature_coins_core
app/lib/features/coins/application/use_cases/create_group_use_case.dart	1	app	feature_coins_core
app/lib/features/coins/application/use_cases/delete_expense_use_case.dart	1	app	feature_coins_core
app/lib/features/coins/application/use_cases/record_settlement_use_case.dart	1	app	feature_coins_core
app/lib/features/coins/application/use_cases/set_budget_use_case.dart	1	app	feature_coins_core
app/lib/features/coins/application/use_cases/update_expense_use_case.dart	1	app	feature_coins_core
app/lib/features/coins/data/datasources/coins_local_datasource.dart	1	app	feature_coins_core
app/lib/features/coins/data/mappers/account_mapper.dart	1	app	feature_coins_core
app/lib/features/coins/data/mappers/budget_mapper.dart	1	app	feature_coins_core
app/lib/features/coins/data/mappers/group_mapper.dart	1	app	feature_coins_core
app/lib/features/coins/data/mappers/settlement_mapper.dart	1	app	feature_coins_core
app/lib/features/coins/data/mappers/transaction_mapper.dart	1	app	feature_coins_core
app/lib/features/coins/data/repositories/account_repository_impl.dart	1	app	feature_coins_core
app/lib/features/coins/data/repositories/budget_repository_impl.dart	1	app	feature_coins_core
app/lib/features/coins/data/repositories/group_repository_impl.dart	1	app	feature_coins_core
app/lib/features/coins/data/repositories/settlement_repository_impl.dart	1	app	feature_coins_core
app/lib/features/coins/data/repositories/transaction_repository_impl.dart	1	app	feature_coins_core
app/lib/features/coins/domain/entities/account.dart	1	app	feature_coins_core
app/lib/features/coins/domain/entities/budget.dart	1	app	feature_coins_core
app/lib/features/coins/domain/entities/category.dart	1	app	feature_coins_core
app/lib/features/coins/domain/entities/group.dart	1	app	feature_coins_core
app/lib/features/coins/domain/entities/group_member.dart	1	app	feature_coins_core
app/lib/features/coins/domain/entities/investment.dart	1	app	feature_coins_core
app/lib/features/coins/domain/entities/settlement.dart	1	app	feature_coins_core
app/lib/features/coins/domain/entities/shared_expense.dart	1	app	feature_coins_core
app/lib/features/coins/domain/entities/split_entry.dart	1	app	feature_coins_core
app/lib/features/coins/domain/entities/subscription.dart	1	app	feature_coins_core
app/lib/features/coins/domain/entities/transaction.dart	1	app	feature_coins_core
app/lib/features/coins/domain/errors/coins_errors.dart	1	app	feature_coins_core
app/lib/features/coins/domain/models/balance_summary.dart	1	app	feature_coins_core
app/lib/features/coins/domain/models/budget_status.dart	1	app	feature_coins_core
app/lib/features/coins/domain/models/currency.dart	1	app	feature_coins_core
app/lib/features/coins/domain/models/debt_entry.dart	1	app	feature_coins_core
app/lib/features/coins/domain/models/safe_to_spend.dart	1	app	feature_coins_core
app/lib/features/coins/domain/repositories/account_repository.dart	1	app	feature_coins_core
app/lib/features/coins/domain/repositories/budget_repository.dart	1	app	feature_coins_core
app/lib/features/coins/domain/repositories/group_repository.dart	1	app	feature_coins_core
app/lib/features/coins/domain/repositories/settlement_repository.dart	1	app	feature_coins_core
app/lib/features/coins/domain/repositories/transaction_repository.dart	1	app	feature_coins_core
app/lib/features/coins/domain/services/balance_engine.dart	1	app	feature_coins_core
app/lib/features/coins/domain/services/budget_engine.dart	1	app	feature_coins_core
app/lib/features/coins/domain/services/debt_simplifier.dart	1	app	feature_coins_core
app/lib/features/coins/domain/services/finance_insight_service.dart	1	app	feature_coins_core
app/lib/features/coins/domain/services/finance_message_parser.dart	1	app	feature_coins_core
app/lib/features/coins/domain/services/quick_add_expense_parser.dart	1	app	feature_coins_core
app/lib/features/coins/domain/services/split_calculator.dart	1	app	feature_coins_core
app/test/features/assistant/chat_screen_finance_ingestion_test.dart	5	app	feature_coins_core
app/test/features/assistant/chat_screen_finance_ingestion_test.dart	6	app	feature_coins_core
app/test/features/assistant/chat_screen_finance_ingestion_test.dart	7	app	feature_coins_core
app/test/features/coins/application/providers/create_group_provider_test.dart	3	app	feature_coins_core
app/test/features/coins/application/providers/create_group_provider_test.dart	4	app	feature_coins_core
app/test/features/coins/application/providers/create_group_provider_test.dart	5	app	feature_coins_core
app/test/features/coins/application/providers/create_group_provider_test.dart	6	app	feature_coins_core
app/test/features/coins/application/services/android_finance_import_preferences_test.dart	2	app	feature_coins_core
app/test/features/coins/application/services/android_finance_import_service_test.dart	2	app	feature_coins_core
app/test/features/coins/application/services/android_finance_import_service_test.dart	3	app	feature_coins_core
app/test/features/coins/application/services/android_finance_import_service_test.dart	4	app	feature_coins_core
app/test/features/coins/application/services/android_finance_import_service_test.dart	5	app	feature_coins_core
app/test/features/coins/application/services/android_finance_import_service_test.dart	6	app	feature_coins_core
app/test/features/coins/application/services/coins_invite_link_service_test.dart	1	app	feature_coins_core
app/test/features/coins/application/services/finance_chat_ingestion_service_test.dart	1	app	feature_coins_core
app/test/features/coins/application/services/finance_chat_ingestion_service_test.dart	2	app	feature_coins_core
app/test/features/coins/application/services/finance_chat_ingestion_service_test.dart	3	app	feature_coins_core
app/test/features/coins/application/services/finance_chat_ingestion_service_test.dart	4	app	feature_coins_core
app/test/features/coins/application/services/transaction_review_service_test.dart	1	app	feature_coins_core
app/test/features/coins/application/services/transaction_review_service_test.dart	2	app	feature_coins_core
app/test/features/coins/application/services/transaction_review_service_test.dart	3	app	feature_coins_core
app/test/features/coins/application/use_cases/add_expense_use_case_test.dart	3	app	feature_coins_core
app/test/features/coins/application/use_cases/add_expense_use_case_test.dart	4	app	feature_coins_core
app/test/features/coins/application/use_cases/add_group_member_use_case_test.dart	1	app	feature_coins_core
app/test/features/coins/application/use_cases/add_group_member_use_case_test.dart	2	app	feature_coins_core
app/test/features/coins/coins_split_workflow_test.dart	9	app	feature_coins_core
app/test/features/coins/coins_split_workflow_test.dart	10	app	feature_coins_core
app/test/features/coins/coins_split_workflow_test.dart	12	app	feature_coins_core
app/test/features/coins/coins_split_workflow_test.dart	13	app	feature_coins_core
app/test/features/coins/coins_split_workflow_test.dart	14	app	feature_coins_core
app/test/features/coins/coins_split_workflow_test.dart	15	app	feature_coins_core
app/test/features/coins/coins_split_workflow_test.dart	16	app	feature_coins_core
app/test/features/coins/coins_split_workflow_test.dart	17	app	feature_coins_core
app/test/features/coins/coins_split_workflow_test.dart	18	app	feature_coins_core
app/test/features/coins/coins_split_workflow_test.dart	19	app	feature_coins_core
app/test/features/coins/data/repositories/account_repository_impl_test.dart	3	app	feature_coins_core
app/test/features/coins/data/repositories/account_repository_impl_test.dart	4	app	feature_coins_core
app/test/features/coins/data/repositories/account_repository_impl_test.dart	5	app	feature_coins_core
app/test/features/coins/data/repositories/account_repository_impl_test.dart	6	app	feature_coins_core
app/test/features/coins/data/repositories/budget_repository_impl_test.dart	3	app	feature_coins_core
app/test/features/coins/data/repositories/budget_repository_impl_test.dart	4	app	feature_coins_core
app/test/features/coins/data/repositories/budget_repository_impl_test.dart	5	app	feature_coins_core
app/test/features/coins/data/repositories/budget_repository_impl_test.dart	6	app	feature_coins_core
app/test/features/coins/data/repositories/group_repository_impl_test.dart	3	app	feature_coins_core
app/test/features/coins/data/repositories/group_repository_impl_test.dart	4	app	feature_coins_core
app/test/features/coins/data/repositories/group_repository_impl_test.dart	5	app	feature_coins_core
app/test/features/coins/data/repositories/group_repository_impl_test.dart	6	app	feature_coins_core
app/test/features/coins/data/repositories/group_repository_impl_test.dart	7	app	feature_coins_core
app/test/features/coins/data/repositories/settlement_repository_impl_test.dart	3	app	feature_coins_core
app/test/features/coins/data/repositories/settlement_repository_impl_test.dart	4	app	feature_coins_core
app/test/features/coins/data/repositories/settlement_repository_impl_test.dart	5	app	feature_coins_core
app/test/features/coins/data/repositories/settlement_repository_impl_test.dart	6	app	feature_coins_core
app/test/features/coins/data/repositories/transaction_repository_impl_test.dart	3	app	feature_coins_core
app/test/features/coins/data/repositories/transaction_repository_impl_test.dart	4	app	feature_coins_core
app/test/features/coins/data/repositories/transaction_repository_impl_test.dart	5	app	feature_coins_core
app/test/features/coins/data/repositories/transaction_repository_impl_test.dart	6	app	feature_coins_core
app/test/features/coins/domain/services/balance_engine_test.dart	2	app	feature_coins_core
app/test/features/coins/domain/services/balance_engine_test.dart	3	app	feature_coins_core
app/test/features/coins/domain/services/balance_engine_test.dart	4	app	feature_coins_core
app/test/features/coins/domain/services/balance_engine_test.dart	5	app	feature_coins_core
app/test/features/coins/domain/services/budget_engine_test.dart	2	app	feature_coins_core
app/test/features/coins/domain/services/budget_engine_test.dart	3	app	feature_coins_core
app/test/features/coins/domain/services/budget_engine_test.dart	4	app	feature_coins_core
app/test/features/coins/domain/services/budget_engine_test.dart	5	app	feature_coins_core
app/test/features/coins/domain/services/debt_simplifier_test.dart	2	app	feature_coins_core
app/test/features/coins/domain/services/debt_simplifier_test.dart	3	app	feature_coins_core
app/test/features/coins/domain/services/finance_insight_service_test.dart	1	app	feature_coins_core
app/test/features/coins/domain/services/finance_insight_service_test.dart	2	app	feature_coins_core
app/test/features/coins/domain/services/finance_insight_service_test.dart	3	app	feature_coins_core
app/test/features/coins/domain/services/finance_insight_service_test.dart	4	app	feature_coins_core
app/test/features/coins/domain/services/finance_message_parser_test.dart	1	app	feature_coins_core
app/test/features/coins/domain/services/finance_message_parser_test.dart	2	app	feature_coins_core
app/test/features/coins/domain/services/quick_add_expense_parser_test.dart	1	app	feature_coins_core
app/test/features/coins/domain/services/split_calculator_test.dart	2	app	feature_coins_core
app/test/features/coins/presentation/screens/add_expense_screen_test.dart	3	app	feature_coins_core
app/test/features/coins/presentation/screens/add_expense_screen_test.dart	4	app	feature_coins_core
app/test/features/coins/presentation/screens/add_expense_screen_test.dart	5	app	feature_coins_core
app/test/features/coins/presentation/screens/add_expense_screen_test.dart	6	app	feature_coins_core
app/test/features/coins/presentation/screens/add_split_expense_screen_test.dart	3	app	feature_coins_core
app/test/features/coins/presentation/screens/add_split_expense_screen_test.dart	4	app	feature_coins_core
app/test/features/coins/presentation/screens/add_split_expense_screen_test.dart	5	app	feature_coins_core
app/test/features/coins/presentation/screens/add_split_expense_screen_test.dart	6	app	feature_coins_core
app/test/features/coins/presentation/screens/coins_dashboard_screen_test.dart	3	app	feature_coins_core
app/test/features/coins/presentation/screens/coins_dashboard_screen_test.dart	6	app	feature_coins_core
app/test/features/coins/presentation/screens/coins_dashboard_screen_test.dart	7	app	feature_coins_core
app/test/features/coins/presentation/screens/coins_dashboard_screen_test.dart	8	app	feature_coins_core
app/test/features/coins/presentation/screens/group_detail_screen_test.dart	4	app	feature_coins_core
app/test/features/coins/presentation/screens/group_detail_screen_test.dart	5	app	feature_coins_core
app/test/features/coins/presentation/screens/group_detail_screen_test.dart	6	app	feature_coins_core
app/test/features/coins/presentation/screens/group_detail_screen_test.dart	7	app	feature_coins_core
app/test/features/coins/presentation/screens/group_detail_screen_test.dart	8	app	feature_coins_core
app/test/features/coins/presentation/screens/group_detail_screen_test.dart	9	app	feature_coins_core
app/test/features/coins/presentation/screens/group_detail_screen_test.dart	10	app	feature_coins_core
packages/feature_mind/test/services/llama_gguf_service_test.dart	8	feature_mind	llama_flutter_android
packages/platform_player/third_party/video_player_avfoundation/test/avfoundation_video_player_test.dart	10	platform_player	video_player_avfoundation
packages/platform_player/third_party/video_player_avfoundation/test/avfoundation_video_player_test.dart	11	platform_player	video_player_avfoundation
packages/platform_player/third_party/video_player_avfoundation/test/avfoundation_video_player_test.mocks.dart	9	platform_player	mockito
packages/platform_player/third_party/video_player_avfoundation/test/avfoundation_video_player_test.mocks.dart	10	platform_player	video_player_avfoundation
packages/platform_player/third_party/video_player_avfoundation/test/avfoundation_video_player_test.mocks.dart	11	platform_player	video_player_avfoundation
